asplap3159@asplap3159:~$ sudo mysql -u root -p
[sudo] password for asplap3159: 
Enter password: 
Welcome to the MySQL monitor.  Commands end with ; or \g.
Your MySQL connection id is 8
Server version: 8.0.30-0ubuntu0.20.04.2 (Ubuntu)

Copyright (c) 2000, 2022, Oracle and/or its affiliates.

Oracle is a registered trademark of Oracle Corporation and/or its
affiliates. Other names may be trademarks of their respective
owners.

Type 'help;' or '\h' for help. Type '\c' to clear the current input statement.

mysql> use example;
Reading table information for completion of table and column names
You can turn off this feature to get a quicker startup with -A

Database changed
mysql> select *from information;
+----+---------+------------------+
| id | name    | address          |
+----+---------+------------------+
|  1 | hari    | 9/4,anna nagar   |
|  2 | keerthi | 8/2,thilai nagar |
+----+---------+------------------+
2 rows in set (0.01 sec)

mysql> select *from information_engine2;
+----+---------+----------------------+
| id | name    | address              |
+----+---------+----------------------+
|  1 | sarvesh | 2/3,anna salai nagar |
|  2 | sarvesh | 2/3,anna salai nagar |
|  3 | sarvesh | 2/3,anna salai nagar |
|  4 | sarvesh | 2/3,anna salai nagar |
|  5 | aadhi   | 2/3,anna salai nagar |
+----+---------+----------------------+
5 rows in set (0.00 sec)

mysql> show tables;
+------------------------+
| Tables_in_example      |
+------------------------+
| information            |
| information_engine2    |
| information_foriegnkey |
+------------------------+
3 rows in set (0.00 sec)

mysql> select *From information_foriegnkey;
Empty set (0.01 sec)

mysql> insert into information_foriegnkey(id,name,address)values('1','dharshini','2/3 crisent nagar');
ERROR 1054 (42S22): Unknown column 'id' in 'field list'
mysql> desc information_foreignkey;
ERROR 1146 (42S02): Table 'example.information_foreignkey' doesn't exist
mysql> desc information_foriegnkey;
+---------+--------------+------+-----+---------+-------+
| Field   | Type         | Null | Key | Default | Extra |
+---------+--------------+------+-----+---------+-------+
| infoId  | int          | NO   | MUL | NULL    |       |
| name    | varchar(100) | YES  |     | NULL    |       |
| address | varchar(100) | YES  |     | NULL    |       |
+---------+--------------+------+-----+---------+-------+
3 rows in set (0.00 sec)

mysql> insert into information_foriegnkey(infoId,name,address)values('1','dharshini','2/3 crisent nagar');
Query OK, 1 row affected (0.01 sec)

mysql> insert into information_foriegnkey(infoId,name,address)values('5','subha','2/8 town nagar');
ERROR 1452 (23000): Cannot add or update a child row: a foreign key constraint fails (`example`.`information_foriegnkey`, CONSTRAINT `information_foriegnkey_ibfk_1` FOREIGN KEY (`infoId`) REFERENCES `information` (`id`))
mysql> desc information_foriegnkey;
+---------+--------------+------+-----+---------+-------+
| Field   | Type         | Null | Key | Default | Extra |
+---------+--------------+------+-----+---------+-------+
| infoId  | int          | NO   | MUL | NULL    |       |
| name    | varchar(100) | YES  |     | NULL    |       |
| address | varchar(100) | YES  |     | NULL    |       |
+---------+--------------+------+-----+---------+-------+
3 rows in set (0.01 sec)

mysql> show create table information_foriegnkey;
+------------------------+-----------------------------------------------------------------------------------------------------------------------------------------------------------------------------------------------------------------------------------------------------------------------------------------------------------------------------------------------+
| Table                  | Create Table                                                                                                                                                                                                                                                                                                                                  |
+------------------------+-----------------------------------------------------------------------------------------------------------------------------------------------------------------------------------------------------------------------------------------------------------------------------------------------------------------------------------------------+
| information_foriegnkey | CREATE TABLE `information_foriegnkey` (
  `infoId` int NOT NULL,
  `name` varchar(100) DEFAULT NULL,
  `address` varchar(100) DEFAULT NULL,
  KEY `infoId` (`infoId`),
  CONSTRAINT `information_foriegnkey_ibfk_1` FOREIGN KEY (`infoId`) REFERENCES `information` (`id`)
) ENGINE=InnoDB DEFAULT CHARSET=utf8mb4 COLLATE=utf8mb4_0900_ai_ci |
+------------------------+-----------------------------------------------------------------------------------------------------------------------------------------------------------------------------------------------------------------------------------------------------------------------------------------------------------------------------------------------+
1 row in set (0.00 sec)

mysql> create table information_fkmyisam(infoId int not null,name varchar(100),address varchar(100),foreign key(infoId) REFERENCES id(information))ENGINE=myISAM;
Query OK, 0 rows affected (0.01 sec)

mysql> select *from information;
+----+---------+------------------+
| id | name    | address          |
+----+---------+------------------+
|  1 | hari    | 9/4,anna nagar   |
|  2 | keerthi | 8/2,thilai nagar |
+----+---------+------------------+
2 rows in set (0.00 sec)

mysql> insert into information_fkmyisam(infoId,name,address)values('1','priya','3/4,anna nagar');
Query OK, 1 row affected (0.01 sec)

mysql> insert into information_fkmyisam(infoId,name,address)values('5','pranavi','2/9,anna salai');
Query OK, 1 row affected (0.00 sec)

mysql> 

