asplap3159@asplap3159:~$ sudo mysql -u root -p
[sudo] password for asplap3159: 
Enter password: 
Welcome to the MySQL monitor.  Commands end with ; or \g.
Your MySQL connection id is 11
Server version: 8.0.30-0ubuntu0.20.04.2 (Ubuntu)

Copyright (c) 2000, 2022, Oracle and/or its affiliates.

Oracle is a registered trademark of Oracle Corporation and/or its
affiliates. Other names may be trademarks of their respective
owners.

Type 'help;' or '\h' for help. Type '\c' to clear the current input statement.

mysql> use example;
Reading table information for completion of table and column names
You can turn off this feature to get a quicker startup with -A

Database changed
mysql> create information_engine2(id int not null primary key AUTO_INCREMENT, name varchar(100),address varchar(100))ENGINE=myISAM;
ERROR 1064 (42000): You have an error in your SQL syntax; check the manual that corresponds to your MySQL server version for the right syntax to use near 'information_engine2(id int not null primary key AUTO_INCREMENT, name varchar(100' at line 1
mysql> create table information_engine2(id int not null primary key AUTO_INCREMENT, name varchar(100),address varchar(100))ENGINE=myISAM;
Query OK, 0 rows affected (0.02 sec)

mysql> start transaction;
Query OK, 0 rows affected (0.00 sec)

mysql> insert into information_engine2(name,address)values('sarvesh','2/3,anna salai nagar');
Query OK, 1 row affected (0.02 sec)

mysql> commit;
Query OK, 0 rows affected (0.00 sec)

mysql> insert into information_engine2(name,address)values('sarvesh','2/3,anna salai nagar');
Query OK, 1 row affected (0.00 sec)

mysql> rollback;
Query OK, 0 rows affected (0.00 sec)

mysql> insert into information_engine2(name,address)values('sarvesh','2/3,anna salai nagar');
Query OK, 1 row affected (0.01 sec)

mysql> start transaction;
Query OK, 0 rows affected (0.00 sec)

mysql> insert into information_engine2(name,address)values('sarvesh','2/3,anna salai nagar');
Query OK, 1 row affected (0.01 sec)

mysql> start transaction;
Query OK, 0 rows affected (0.00 sec)

mysql> insert into information_engine2(name,address)values('aadhi','2/3,anna salai nagar');
Query OK, 1 row affected (0.01 sec)

mysql> rollback;
Query OK, 0 rows affected, 1 warning (0.00 sec)

mysql> 

